---
source: src/lexer/test.rs
expression: snapshot_lexing(contents)
---
fn main() {
^^ Fn((0,0)->(0,2))
   ^^^^ Ident 'main' (0,3)->(0,7)
       ^ CtrlLParan '(' (0,7)->(0,8)
        ^ CtrlRParan ')' (0,8)->(0,9)
          ^ CtrlLBrace '{' (0,10)->(0,11)
  if 1 > 3 {
  ^^ If((1,2)->(1,4))
     ^ LitInt '1' (1,5)->(1,6)
       ^ OpGrt '>' (1,7)->(1,8)
         ^ LitInt '3' (1,9)->(1,10)
           ^ CtrlLBrace '{' (1,11)->(1,12)
    return 1;
    ^^^^^^ Return((2,4)->(2,10))
           ^ LitInt '1' (2,11)->(2,12)
            ^ CtrlSemiColon ';' (2,12)->(2,13)
  } else {
  ^ CtrlRBrace '}' (3,2)->(3,3)
    ^^^^ Else((3,4)->(3,8))
         ^ CtrlLBrace '{' (3,9)->(3,10)
    return 100;
    ^^^^^^ Return((4,4)->(4,10))
           ^^^ LitInt '100' (4,11)->(4,14)
              ^ CtrlSemiColon ';' (4,14)->(4,15)
  }
  ^ CtrlRBrace '}' (5,2)->(5,3)
}
^ CtrlRBrace '}' (6,0)->(6,1)

