---
source: src/parse/test.rs
expression: ast_string
---
(func main <NULL> () (return (+ 1 (* 2 3)))
)

