---
source: src/ir/test.rs
expression: result
---
function main() {
    enter
    load %0 1
    load %1 2
    load %2 3
    %3 = %1 * %2
    %4 = %0 + %3
    return %4
    goto .exit
.exit:
    leave
}
